{
  "checkpoint": "/home/ubuntu/research/icl-dynamics/exp_002_main_reproduction/runs/main_resume_00002950016/checkpoints/00020000000.eqx",
  "checkpoint_sha256": "95b0609902e00b4de117ec05f21293ccfc490ff38843acac144a07033ebedd0d",
  "checkpoint_bytes": 20641192,
  "iter": 20000000,
  "adam_updates": 625000,
  "configuration_sha256": "5c6cadc87ba1f0796681116f8c222e742200be51658481c579776e5e8b585223",
  "evaluation_data_sha256": "634ee065b3183599a409c325960ad5fbe4388236a4fc60143794467da3c5efec",
  "feature_sha256": {
    "omniglot_features_all.h5": "9402da114b108d9b55c1727ad5c7f1a9369ddd6751b00c1432945e4e94f1ac3f",
    "omniglot_features_reordered.h5": "3df152d4ddddbb022036a01b1664e2118c7ad683eb1ea18148cfc1ea6dcbf41c",
    "omniglot_features_norotate.h5": "d1dd111c34d3bf17829e3191f0c01c6821e3932c7f3ca6ef9c43b49f7f66af70"
  },
  "restores": [
    "model",
    "Adam state",
    "all three PRNG keys"
  ],
  "audit": "passed"
}
