Opto being used...
audit 20000000 embedding_only {"both_attention_branches_zero": true, "both_layer_outputs_equal_embedding": true, "final_norm_receives_embedding": true, "query_logits_invariant_to_context_permutation_all3_evaluators": true}
audit 4000000 baseline {"q": {"preserved": true, "max_abs_change": 0.0}, "k": {"preserved": true, "max_abs_change": 0.0}, "v": {"preserved": true, "max_abs_change": 0.0}}
Opto being used...
audit 4000000 preserve_qkv {"q": {"preserved": true, "max_abs_change": 0.0}, "k": {"preserved": true, "max_abs_change": 0.0}, "v": {"preserved": true, "max_abs_change": 0.0}}
Opto being used...
audit 4000000 recompute_k {"q": {"preserved": true, "max_abs_change": 0.0}, "k": {"preserved": false, "max_abs_change": 3.651735305786133}, "v": {"preserved": true, "max_abs_change": 0.0}}
Opto being used...
audit 4000000 recompute_v {"q": {"preserved": true, "max_abs_change": 0.0}, "k": {"preserved": true, "max_abs_change": 0.0}, "v": {"preserved": false, "max_abs_change": 4.1839985847473145}}
Opto being used...
audit 4000000 recompute_q {"q": {"preserved": false, "max_abs_change": 4.57211971282959}, "k": {"preserved": true, "max_abs_change": 0.0}, "v": {"preserved": true, "max_abs_change": 0.0}}
Opto being used...
audit 4000000 ablate_l1 {"q": {"preserved": false, "max_abs_change": 4.572196960449219}, "k": {"preserved": false, "max_abs_change": 3.6517252922058105}, "v": {"preserved": false, "max_abs_change": 4.186697483062744}}
audit 8000000 baseline {"q": {"preserved": true, "max_abs_change": 0.0}, "k": {"preserved": true, "max_abs_change": 0.0}, "v": {"preserved": true, "max_abs_change": 0.0}}
Opto being used...
audit 8000000 preserve_qkv {"q": {"preserved": true, "max_abs_change": 0.0}, "k": {"preserved": true, "max_abs_change": 0.0}, "v": {"preserved": true, "max_abs_change": 0.0}}
Opto being used...
audit 8000000 recompute_k {"q": {"preserved": true, "max_abs_change": 0.0}, "k": {"preserved": false, "max_abs_change": 5.00151252746582}, "v": {"preserved": true, "max_abs_change": 0.0}}
Opto being used...
audit 8000000 recompute_v {"q": {"preserved": true, "max_abs_change": 0.0}, "k": {"preserved": true, "max_abs_change": 0.0}, "v": {"preserved": false, "max_abs_change": 4.061053276062012}}
Opto being used...
audit 8000000 recompute_q {"q": {"preserved": false, "max_abs_change": 4.8458638191223145}, "k": {"preserved": true, "max_abs_change": 0.0}, "v": {"preserved": true, "max_abs_change": 0.0}}
Opto being used...
audit 8000000 ablate_l1 {"q": {"preserved": false, "max_abs_change": 4.845243453979492}, "k": {"preserved": false, "max_abs_change": 5.001946926116943}, "v": {"preserved": false, "max_abs_change": 4.060815811157227}}
All checkpoint identities and native intervention audits passed.
