extracted 0 train_eval acc 0.5222 elapsed 12.25
extracted 0 icl acc 0.499 elapsed 13.15
extracted 0 iwl_copy_avail acc 0.5066 elapsed 14.18
extracted 0 flip_icl acc 0.4942 elapsed 15.36
extracted 1000000 train_eval acc 0.5498 elapsed 16.59
extracted 1000000 icl acc 0.5016 elapsed 17.76
extracted 1000000 iwl_copy_avail acc 0.5366 elapsed 18.94
extracted 1000000 flip_icl acc 0.4522 elapsed 20.01
extracted 2000000 train_eval acc 0.5472 elapsed 21.21
extracted 2000000 icl acc 0.505 elapsed 22.32
extracted 2000000 iwl_copy_avail acc 0.533 elapsed 23.51
extracted 2000000 flip_icl acc 0.4534 elapsed 24.9
extracted 3000000 train_eval acc 0.581 elapsed 26.37
extracted 3000000 icl acc 0.5508 elapsed 27.73
extracted 3000000 iwl_copy_avail acc 0.5514 elapsed 29.05
extracted 3000000 flip_icl acc 0.4822 elapsed 30.39
extracted 4400000 train_eval acc 0.8268 elapsed 31.91
extracted 4400000 icl acc 0.7698 elapsed 33.27
extracted 4400000 iwl_copy_avail acc 0.5908 elapsed 34.56
extracted 4400000 flip_icl acc 0.6738 elapsed 35.93
extracted 6000000 train_eval acc 0.9138 elapsed 37.39
extracted 6000000 icl acc 0.6494 elapsed 38.73
extracted 6000000 iwl_copy_avail acc 0.736 elapsed 39.97
extracted 6000000 flip_icl acc 0.4584 elapsed 41.1
extracted 8000000 train_eval acc 0.947 elapsed 42.44
extracted 8000000 icl acc 0.565 elapsed 43.62
extracted 8000000 iwl_copy_avail acc 0.8438 elapsed 44.79
extracted 8000000 flip_icl acc 0.2372 elapsed 46.04
extracted 10000000 train_eval acc 0.9626 elapsed 47.47
extracted 10000000 icl acc 0.55 elapsed 48.67
extracted 10000000 iwl_copy_avail acc 0.8968 elapsed 49.93
extracted 10000000 flip_icl acc 0.1328 elapsed 51.19
extracted 12000000 train_eval acc 0.971 elapsed 52.59
extracted 12000000 icl acc 0.5366 elapsed 53.84
extracted 12000000 iwl_copy_avail acc 0.9232 elapsed 55.11
extracted 12000000 flip_icl acc 0.086 elapsed 56.38
extracted 16000000 train_eval acc 0.9806 elapsed 57.77
extracted 16000000 icl acc 0.544 elapsed 59.06
extracted 16000000 iwl_copy_avail acc 0.9546 elapsed 60.36
extracted 16000000 flip_icl acc 0.0466 elapsed 61.29
extracted 20000000 train_eval acc 0.9848 elapsed 62.38
extracted 20000000 icl acc 0.5408 elapsed 63.38
extracted 20000000 iwl_copy_avail acc 0.9674 elapsed 64.45
extracted 20000000 flip_icl acc 0.0286 elapsed 65.72
completed 65.79
